../Core/Src/main.c:68:13:uUSER_OPAMP2_Init	16	static
../Core/Src/main.c:100:5:__io_putchar	16	static
../Core/Src/main.c:112:5:main	40	static
../Core/Src/main.c:193:6:SystemClock_Config	160	static
../Core/Src/main.c:241:13:MX_ADC1_Init	48	static
../Core/Src/main.c:307:13:MX_ADC2_Init	32	static
../Core/Src/main.c:364:13:MX_OPAMP2_Init	8	static
../Core/Src/main.c:396:13:MX_USART2_UART_Init	8	static
../Core/Src/main.c:431:13:MX_GPIO_Init	40	static
../Core/Src/main.c:465:6:Error_Handler	4	static,ignoring_inline_asm
