../Core/Src/main.c:70:13:uGain_change	16	static
../Core/Src/main.c:98:5:__io_putchar	16	static
../Core/Src/main.c:110:5:main	40	static
../Core/Src/main.c:209:6:SystemClock_Config	160	static
../Core/Src/main.c:257:13:MX_ADC1_Init	48	static
../Core/Src/main.c:323:13:MX_ADC2_Init	32	static
../Core/Src/main.c:380:13:MX_OPAMP2_Init	8	static
../Core/Src/main.c:412:13:MX_USART2_UART_Init	8	static
../Core/Src/main.c:447:13:MX_GPIO_Init	40	static
../Core/Src/main.c:481:6:Error_Handler	4	static,ignoring_inline_asm
